2025-04-04 06:15:58.371977 - Received CBT.V508.FILE221.PDS from FILE221.XMI 
2025-04-04 06:15:58.373887 - Found $$$#DATE.txt (text/plain) in CBT.V508.FILE221.PDS, moved to PDS/$$$#DATE
2025-04-04 06:15:58.374023 - Found $$$DOC01.txt (text/plain) in CBT.V508.FILE221.PDS, moved to PDS/$$$DOC01
2025-04-04 06:15:58.374148 - Found $$$DOC02.eml (message/rfc822) in CBT.V508.FILE221.PDS, moved to PDS/$$$DOC02
2025-04-04 06:15:58.374277 - Found $$MODS.txt (text/plain) in CBT.V508.FILE221.PDS, moved to PDS/$$MODS
2025-04-04 06:15:58.374398 - Found $$WORKDS.txt (text/plain) in CBT.V508.FILE221.PDS, moved to PDS/$$WORKDS
2025-04-04 06:15:58.374516 - Found #NUCLKUP.rexx (text/plain) in CBT.V508.FILE221.PDS, moved to PDS/#NUCLKUP
2025-04-04 06:15:58.374632 - Found @FILE221.txt (text/plain) in CBT.V508.FILE221.PDS, moved to PDS/@FILE221
2025-04-04 06:15:58.374747 - Found CLEAR.txt (text/plain) in CBT.V508.FILE221.PDS, moved to PDS/CLEAR
2025-04-04 06:15:58.374864 - Found CLEAR$.jcl (text/plain) in CBT.V508.FILE221.PDS, moved to PDS/CLEAR$
2025-04-04 06:15:58.375029 - Found IOAPFP.rexx (text/plain) in CBT.V508.FILE221.PDS, moved to PDS/IOAPFP
2025-04-04 06:15:58.375178 - Found IOESRT.rexx (text/plain) in CBT.V508.FILE221.PDS, moved to PDS/IOESRT
2025-04-04 06:15:58.375576 - Found IOLLTP.rexx (text/plain) in CBT.V508.FILE221.PDS, moved to PDS/IOLLTP
2025-04-04 06:15:58.375703 - Found IOLPAP.rexx (text/plain) in CBT.V508.FILE221.PDS, moved to PDS/IOLPAP
2025-04-04 06:15:58.375827 - Found IOLPAQ.rexx (text/plain) in CBT.V508.FILE221.PDS, moved to PDS/IOLPAQ
2025-04-04 06:15:58.375944 - Found IONUCM.rexx (text/plain) in CBT.V508.FILE221.PDS, moved to PDS/IONUCM
2025-04-04 06:15:58.376072 - Found IOPCAUTH.rexx (text/plain) in CBT.V508.FILE221.PDS, moved to PDS/IOPCAUTH
2025-04-04 06:15:58.376305 - Found IOPLPA.rexx (text/plain) in CBT.V508.FILE221.PDS, moved to PDS/IOPLPA
2025-04-04 06:15:58.376510 - Found IOSVCT.rexx (text/plain) in CBT.V508.FILE221.PDS, moved to PDS/IOSVCT
2025-04-04 06:15:58.376676 - Found LISTADSP.rexx (text/plain) in CBT.V508.FILE221.PDS, moved to PDS/LISTADSP
2025-04-04 06:15:58.376805 - Found LISTAPFT.rexx (text/plain) in CBT.V508.FILE221.PDS, moved to PDS/LISTAPFT
2025-04-04 06:15:58.376931 - Found LISTAPF2.rexx (text/plain) in CBT.V508.FILE221.PDS, moved to PDS/LISTAPF2
2025-04-04 06:15:58.377046 - Found LISTCATS.rexx (text/plain) in CBT.V508.FILE221.PDS, moved to PDS/LISTCATS
2025-04-04 06:15:58.377179 - Found LISTCONS.rexx (text/plain) in CBT.V508.FILE221.PDS, moved to PDS/LISTCONS
2025-04-04 06:15:58.377304 - Found LISTDASD.rexx (text/plain) in CBT.V508.FILE221.PDS, moved to PDS/LISTDASD
2025-04-04 06:15:58.377433 - Found LISTDCQ.rexx (text/plain) in CBT.V508.FILE221.PDS, moved to PDS/LISTDCQ
2025-04-04 06:15:58.377553 - Found LISTDCQO.rexx (text/plain) in CBT.V508.FILE221.PDS, moved to PDS/LISTDCQO
2025-04-04 06:15:58.377687 - Found LISTENV.rexx (text/plain) in CBT.V508.FILE221.PDS, moved to PDS/LISTENV
2025-04-04 06:15:58.377812 - Found LISTENVO.rexx (text/plain) in CBT.V508.FILE221.PDS, moved to PDS/LISTENVO
2025-04-04 06:15:58.377923 - Found LISTESRT.rexx (text/plain) in CBT.V508.FILE221.PDS, moved to PDS/LISTESRT
2025-04-04 06:15:58.378033 - Found LISTLLT.rexx (text/plain) in CBT.V508.FILE221.PDS, moved to PDS/LISTLLT
2025-04-04 06:15:58.378153 - Found LISTLPAQ.rexx (text/plain) in CBT.V508.FILE221.PDS, moved to PDS/LISTLPAQ
2025-04-04 06:15:58.378268 - Found LISTLPAT.rexx (text/plain) in CBT.V508.FILE221.PDS, moved to PDS/LISTLPAT
2025-04-04 06:15:58.378375 - Found LISTNUCM.rexx (text/plain) in CBT.V508.FILE221.PDS, moved to PDS/LISTNUCM
2025-04-04 06:15:58.378491 - Found LISTPART.rexx (text/plain) in CBT.V508.FILE221.PDS, moved to PDS/LISTPART
2025-04-04 06:15:58.378615 - Found LISTPAR2.rexx (text/plain) in CBT.V508.FILE221.PDS, moved to PDS/LISTPAR2
2025-04-04 06:15:58.378727 - Found LISTPDSD.rexx (text/plain) in CBT.V508.FILE221.PDS, moved to PDS/LISTPDSD
2025-04-04 06:15:58.378841 - Found LISTPDSM.rexx (text/plain) in CBT.V508.FILE221.PDS, moved to PDS/LISTPDSM
2025-04-04 06:15:58.378969 - Found LISTPLPA.rexx (text/plain) in CBT.V508.FILE221.PDS, moved to PDS/LISTPLPA
2025-04-04 06:15:58.379085 - Found LISTSART.rexx (text/plain) in CBT.V508.FILE221.PDS, moved to PDS/LISTSART
2025-04-04 06:15:58.379205 - Found LISTSFT.rexx (text/plain) in CBT.V508.FILE221.PDS, moved to PDS/LISTSFT
2025-04-04 06:15:58.379321 - Found LISTSMAP.rexx (text/plain) in CBT.V508.FILE221.PDS, moved to PDS/LISTSMAP
2025-04-04 06:15:58.379432 - Found LISTSMF.rexx (text/plain) in CBT.V508.FILE221.PDS, moved to PDS/LISTSMF
2025-04-04 06:15:58.379550 - Found LISTSSN.rexx (text/plain) in CBT.V508.FILE221.PDS, moved to PDS/LISTSSN
2025-04-04 06:15:58.379663 - Found LISTSVCJ.rexx (text/plain) in CBT.V508.FILE221.PDS, moved to PDS/LISTSVCJ
2025-04-04 06:15:58.379777 - Found LISTSVCT.rexx (text/plain) in CBT.V508.FILE221.PDS, moved to PDS/LISTSVCT
2025-04-04 06:15:58.379905 - Found LISTTAPE.rexx (text/plain) in CBT.V508.FILE221.PDS, moved to PDS/LISTTAPE
2025-04-04 06:15:58.380021 - Found LISTVMAP.rexx (text/plain) in CBT.V508.FILE221.PDS, moved to PDS/LISTVMAP
2025-04-04 06:15:58.380128 - Found NOT@OR.txt (text/plain) in CBT.V508.FILE221.PDS, moved to PDS/NOT@OR
2025-04-04 06:15:58.380945 - Found OLDSTUFF.txt (text/plain) in CBT.V508.FILE221.PDS, moved to PDS/OLDSTUFF
2025-04-04 06:15:58.381065 - Found SDUMP.rexx (text/plain) in CBT.V508.FILE221.PDS, moved to PDS/SDUMP
2025-04-04 06:15:58.381178 - Found VSDATA1.rexx (text/plain) in CBT.V508.FILE221.PDS, moved to PDS/VSDATA1
